// Jest Snapshot v1, https://goo.gl/fbAQLP

exports[`Pruebas en GifGrid debe de mostrar items cuando se cargan imágenes useFetchGifs 1`] = `
<Fragment>
  <h3
    className="title animate__animated animate__rubberBand"
  >
     
    Gifs de la búsqueda de "
    One Punch
    ".
  </h3>
  <p
    className="animate__animated animate__flash loading"
  >
    Cargando...
  </p>
  <div
    className="card-grid"
  />
</Fragment>
`;
